
Allocating common symbols
Common symbol       size              file

Read_length         0x1               1c102_main.o
uart_rec            0xa               init.o
nmi_caller          0x4               1c102_cmdline.o
exti_irq_handle     0x80              1c102_Interrupt.o
STS                 0x1               ls1c102_i2c.o
Circular_queue      0x130             queue.o
uart_rec_len        0x1               init.o
_rand_next          0x4               ls1x_printf.o
str                 0x32              1c102_main.o
Flash_pe            0x1               ls1x_flash.o
Read_Buffer         0x12c             1c102_main.o

Discarded input sections

 .text          0x0000000000000000       0x14 start.o
 .data          0x0000000000000000        0x0 start.o
 .bss           0x0000000000000000        0x0 start.o
 .data          0x0000000000000000        0x0 serial.o
 .bss           0x0000000000000000        0x0 serial.o
 .data          0x0000000000000000        0x0 wakeup.o
 .bss           0x0000000000000000        0x0 wakeup.o
 .text          0x0000000000000000        0x0 UserGpio.o
 .data          0x0000000000000000        0x0 UserGpio.o
 .bss           0x0000000000000000        0x0 UserGpio.o
 .eh_frame      0x0000000000000000       0x3c UserGpio.o
 .text          0x0000000000000000        0x0 init.o
 .data          0x0000000000000000        0x0 init.o
 .bss           0x0000000000000000        0x0 init.o
 .eh_frame      0x0000000000000000       0x3c init.o
 COMMON         0x0000000000000000        0xb init.o
 .text          0x0000000000000000        0x0 ls1x_gpio.o
 .data          0x0000000000000000        0x0 ls1x_gpio.o
 .bss           0x0000000000000000        0x0 ls1x_gpio.o
 .text.gpio_set_InputStatus
                0x0000000000000000      0x128 ls1x_gpio.o
 .eh_frame      0x0000000000000000      0x110 ls1x_gpio.o
 .text          0x0000000000000000        0x0 ls1x_spi.o
 .data          0x0000000000000000        0x0 ls1x_spi.o
 .bss           0x0000000000000000        0x0 ls1x_spi.o
 .rodata        0x0000000000000000       0x42 ls1x_spi.o
 .text.Spi_FreqDiv
                0x0000000000000000      0x140 ls1x_spi.o
 .text.Spi_Init
                0x0000000000000000       0x70 ls1x_spi.o
 .text.Spi_Write_Read_1to4
                0x0000000000000000       0xf0 ls1x_spi.o
 .text.Spi_Write_Read_N
                0x0000000000000000      0x124 ls1x_spi.o
 .text.Spi_Cs_Down
                0x0000000000000000       0x58 ls1x_spi.o
 .text.Spi_Cs_Up
                0x0000000000000000       0x54 ls1x_spi.o
 .text.Spi_Send
                0x0000000000000000       0x40 ls1x_spi.o
 .text.Spiflash_Rdsr
                0x0000000000000000       0x4c ls1x_spi.o
 .text.Spiflash_Wait_Wip_Zero
                0x0000000000000000       0x38 ls1x_spi.o
 .text.Spiflash_Wren
                0x0000000000000000       0x4c ls1x_spi.o
 .text.Spiflash_Wrsr
                0x0000000000000000       0x5c ls1x_spi.o
 .text.Spiflash_Rdsr2
                0x0000000000000000       0x4c ls1x_spi.o
 .text.Spiflash_Rdsr3
                0x0000000000000000       0x4c ls1x_spi.o
 .text.Spiflash_Rdid
                0x0000000000000000       0x68 ls1x_spi.o
 .text.Spiflash_Sector_Erase
                0x0000000000000000       0x90 ls1x_spi.o
 .text.Spiflash_Block64k_Erase
                0x0000000000000000       0x90 ls1x_spi.o
 .text.Spiflash_Page_Program
                0x0000000000000000       0xa4 ls1x_spi.o
 .text.Spiflash_Read_Bytes
                0x0000000000000000       0x9c ls1x_spi.o
 .text.SPI_TransByte
                0x0000000000000000       0xe8 ls1x_spi.o
 .text.SpiFlashCsn0Enable
                0x0000000000000000       0x28 ls1x_spi.o
 .text.SpiFlashCsn0Disable
                0x0000000000000000       0x28 ls1x_spi.o
 .comment       0x0000000000000000       0x12 ls1x_spi.o
 .eh_frame      0x0000000000000000      0x320 ls1x_spi.o
 .text          0x0000000000000000        0x0 ls1x_printf.o
 .data          0x0000000000000000        0x0 ls1x_printf.o
 .bss           0x0000000000000000        0x0 ls1x_printf.o
 .rodata        0x0000000000000000        0x7 ls1x_printf.o
 .text.printBuf
                0x0000000000000000       0x78 ls1x_printf.o
 .text.myputchar2
                0x0000000000000000       0x84 ls1x_printf.o
 .text.mygetchar
                0x0000000000000000       0x38 ls1x_printf.o
 .text.printbase2
                0x0000000000000000      0x178 ls1x_printf.o
 .text.puts2    0x0000000000000000       0x88 ls1x_printf.o
 .text.myprintf2
                0x0000000000000000      0x414 ls1x_printf.o
 .rodata.myprintf2
                0x0000000000000000      0x150 ls1x_printf.o
 .text.vsputs   0x0000000000000000       0x54 ls1x_printf.o
 .text.vsputchar
                0x0000000000000000       0x44 ls1x_printf.o
 .text.vsprintbase
                0x0000000000000000      0x17c ls1x_printf.o
 .text.vsprintf
                0x0000000000000000      0x3d8 ls1x_printf.o
 .rodata.vsprintf
                0x0000000000000000      0x150 ls1x_printf.o
 .text.sprintf  0x0000000000000000       0x6c ls1x_printf.o
 .text.rand     0x0000000000000000       0x5c ls1x_printf.o
 .eh_frame      0x0000000000000000      0x27c ls1x_printf.o
 COMMON         0x0000000000000000        0x4 ls1x_printf.o
 .text          0x0000000000000000        0x0 ls1x_uart.o
 .data          0x0000000000000000        0x0 ls1x_uart.o
 .bss           0x0000000000000000        0x0 ls1x_uart.o
 .text.Uart_init
                0x0000000000000000       0xa4 ls1x_uart.o
 .text.UART_SendDataALL
                0x0000000000000000       0x78 ls1x_uart.o
 .text.UART_GetFlagStatus
                0x0000000000000000       0x64 ls1x_uart.o
 .text.UART_GetITStatus
                0x0000000000000000       0x60 ls1x_uart.o
 .text.UART_ClearITPendingBit
                0x0000000000000000       0xa4 ls1x_uart.o
 .text.x_getchar
                0x0000000000000000       0x2c ls1x_uart.o
 .text.UartInit
                0x0000000000000000       0x6c ls1x_uart.o
 .text.Uart2_init
                0x0000000000000000       0x7c ls1x_uart.o
 .text.Uart1_init_test
                0x0000000000000000       0x80 ls1x_uart.o
 .text.Uart0_send
                0x0000000000000000       0x3c ls1x_uart.o
 .text.Uart1_send
                0x0000000000000000       0x3c ls1x_uart.o
 .text.Uart2_send
                0x0000000000000000       0x3c ls1x_uart.o
 .eh_frame      0x0000000000000000      0x2c8 ls1x_uart.o
 .text          0x0000000000000000        0x0 ls1x_clock.o
 .data          0x0000000000000000        0x0 ls1x_clock.o
 .bss           0x0000000000000000        0x0 ls1x_clock.o
 .text.CLOCK_checkSelect
                0x0000000000000000       0xc0 ls1x_clock.o
 .text.CLOCK_GetFlagStatus
                0x0000000000000000       0x3c ls1x_clock.o
 .text.CLOCK_GetClocksFreq
                0x0000000000000000       0x6c ls1x_clock.o
 .eh_frame      0x0000000000000000      0x18c ls1x_clock.o
 .text          0x0000000000000000        0x0 ls1x_common.o
 .data          0x0000000000000000        0x0 ls1x_common.o
 .bss           0x0000000000000000        0x0 ls1x_common.o
 .text.IsGlobalIntOpen
                0x0000000000000000       0x38 ls1x_common.o
 .text.DisableExtInt
                0x0000000000000000       0x40 ls1x_common.o
 .text.EnableExtInt
                0x0000000000000000       0x3c ls1x_common.o
 .text.Set_soft_int
                0x0000000000000000       0x24 ls1x_common.o
 .text.Set_soft_stop
                0x0000000000000000       0x24 ls1x_common.o
 .text.Set_Timer_Init
                0x0000000000000000       0x30 ls1x_common.o
 .text.Wake_256sec_Set
                0x0000000000000000       0xa8 ls1x_common.o
 .eh_frame      0x0000000000000000      0x19c ls1x_common.o
 .text          0x0000000000000000        0x0 ls1x_pmu.o
 .data          0x0000000000000000        0x0 ls1x_pmu.o
 .bss           0x0000000000000000        0x0 ls1x_pmu.o
 .eh_frame      0x0000000000000000       0x58 ls1x_pmu.o
 .text          0x0000000000000000        0x0 ls1x_logo.o
 .data          0x0000000000000000        0x0 ls1x_logo.o
 .bss           0x0000000000000000        0x0 ls1x_logo.o
 .eh_frame      0x0000000000000000       0x3c ls1x_logo.o
 .text          0x0000000000000000        0x0 ls1x_latimer.o
 .data          0x0000000000000000        0x0 ls1x_latimer.o
 .bss           0x0000000000000000        0x0 ls1x_latimer.o
 .text.close_count
                0x0000000000000000       0x24 ls1x_latimer.o
 .text.delay_us
                0x0000000000000000       0x38 ls1x_latimer.o
 .text.delay_s  0x0000000000000000       0x3c ls1x_latimer.o
 .text.SetTime  0x0000000000000000       0x54 ls1x_latimer.o
 .text.CompareTime
                0x0000000000000000       0x50 ls1x_latimer.o
 .eh_frame      0x0000000000000000      0x19c ls1x_latimer.o
 .text          0x0000000000000000        0x0 ls1x_string.o
 .data          0x0000000000000000        0x0 ls1x_string.o
 .bss           0x0000000000000000        0x0 ls1x_string.o
 .text.memcmp   0x0000000000000000       0x88 ls1x_string.o
 .text.memcpy   0x0000000000000000       0x70 ls1x_string.o
 .text.strstr   0x0000000000000000       0xe0 ls1x_string.o
 .text.pstrstr  0x0000000000000000       0xc8 ls1x_string.o
 .text.strchr   0x0000000000000000       0x80 ls1x_string.o
 .text.atoi     0x0000000000000000       0xe4 ls1x_string.o
 .text.itoa     0x0000000000000000      0x17c ls1x_string.o
 .text.strcat   0x0000000000000000       0xa0 ls1x_string.o
 .text.strcmp   0x0000000000000000       0x84 ls1x_string.o
 .text.strcpy   0x0000000000000000       0x5c ls1x_string.o
 .text.strlen   0x0000000000000000       0x4c ls1x_string.o
 .text.isContained
                0x0000000000000000       0x78 ls1x_string.o
 .text.strtok_r
                0x0000000000000000      0x1d4 ls1x_string.o
 .text.str_to_hex
                0x0000000000000000       0xf4 ls1x_string.o
 .text.atohex   0x0000000000000000      0x164 ls1x_string.o
 .eh_frame      0x0000000000000000      0x27c ls1x_string.o
 .text          0x0000000000000000        0x0 ls1x_flash.o
 .data          0x0000000000000000        0x0 ls1x_flash.o
 .bss           0x0000000000000000        0x0 ls1x_flash.o
 .text.FLASH_ErasePage
                0x0000000000000000       0x50 ls1x_flash.o
 .text.FLASH_EraseUserFlash
                0x0000000000000000       0x9c ls1x_flash.o
 .text.FLASH_ReadPage
                0x0000000000000000       0xa4 ls1x_flash.o
 .text.FLASH_WitePage
                0x0000000000000000      0x48c ls1x_flash.o
 .text.ls1c_flash_write2
                0x0000000000000000      0x17c ls1x_flash.o
 .text.ls1c_flash_write_data
                0x0000000000000000      0x144 ls1x_flash.o
 .text.FLASH_WaitForPeEnd
                0x0000000000000000       0x80 ls1x_flash.o
 .text.FLASH_GetStatus
                0x0000000000000000       0x34 ls1x_flash.o
 .text.FLASH_GetFlagStatus
                0x0000000000000000       0x4c ls1x_flash.o
 .text.FLASH_ITConfig
                0x0000000000000000       0x64 ls1x_flash.o
 .text.FLASH_ITCmd
                0x0000000000000000       0x68 ls1x_flash.o
 .text.FLASH_ClearIT
                0x0000000000000000       0x50 ls1x_flash.o
 .text.FLASH_WiteTest
                0x0000000000000000       0xa4 ls1x_flash.o
 .rodata        0x0000000000000000        0xa ls1x_flash.o
 .text.FLASH_ReadTest
                0x0000000000000000       0xc0 ls1x_flash.o
 .comment       0x0000000000000000       0x12 ls1x_flash.o
 .eh_frame      0x0000000000000000      0x21c ls1x_flash.o
 COMMON         0x0000000000000000        0x1 ls1x_flash.o
 .text          0x0000000000000000        0x0 ls1x_rtc.o
 .data          0x0000000000000000        0x0 ls1x_rtc.o
 .bss           0x0000000000000000        0x0 ls1x_rtc.o
 .text.Rtc_Read
                0x0000000000000000       0xec ls1x_rtc.o
 .text.Rtc_Write
                0x0000000000000000      0x16c ls1x_rtc.o
 .text.RtcUpdateData
                0x0000000000000000       0x4c ls1x_rtc.o
 .comment       0x0000000000000000       0x12 ls1x_rtc.o
 .eh_frame      0x0000000000000000       0x80 ls1x_rtc.o
 .text          0x0000000000000000        0x0 ls1x_exti.o
 .data          0x0000000000000000        0x0 ls1x_exti.o
 .bss           0x0000000000000000        0x0 ls1x_exti.o
 .text.EXTI_DeInit
                0x0000000000000000       0x40 ls1x_exti.o
 .text.EXTI_Init
                0x0000000000000000      0x188 ls1x_exti.o
 .text.EXTI_StructInit
                0x0000000000000000       0x44 ls1x_exti.o
 .text.EXTI_GetFlagStatus
                0x0000000000000000       0x50 ls1x_exti.o
 .text.EXTI_ClearFlag
                0x0000000000000000       0x3c ls1x_exti.o
 .text.EXTI_GetITStatus
                0x0000000000000000       0x70 ls1x_exti.o
 .eh_frame      0x0000000000000000       0xfc ls1x_exti.o
 .text          0x0000000000000000        0x0 ls1x_wdg.o
 .data          0x0000000000000000        0x0 ls1x_wdg.o
 .bss           0x0000000000000000        0x0 ls1x_wdg.o
 .eh_frame      0x0000000000000000       0xa4 ls1x_wdg.o
 .text          0x0000000000000000        0x0 ls1c102_i2c.o
 .data          0x0000000000000000        0x0 ls1c102_i2c.o
 .bss           0x0000000000000000        0x0 ls1c102_i2c.o
 .text.I2C_delay_my
                0x0000000000000000       0x3c ls1c102_i2c.o
 .text.I2C_Init
                0x0000000000000000      0x104 ls1c102_i2c.o
 .text.I2C_StructInit
                0x0000000000000000       0x5c ls1c102_i2c.o
 .text.I2C_ITConfig
                0x0000000000000000       0x6c ls1c102_i2c.o
 .text.I2C_ITCmd
                0x0000000000000000       0x90 ls1c102_i2c.o
 .text.I2C_GenerateSTART
                0x0000000000000000       0x7c ls1c102_i2c.o
 .text.I2C_GenerateSTOP
                0x0000000000000000       0x7c ls1c102_i2c.o
 .text.I2C_AcknowledgeConfig
                0x0000000000000000       0x6c ls1c102_i2c.o
 .text.I2C_SendData
                0x0000000000000000       0x50 ls1c102_i2c.o
 .text.I2C_ReceiveData
                0x0000000000000000       0x60 ls1c102_i2c.o
 .rodata        0x0000000000000000       0xaf ls1c102_i2c.o
 .text.I2C_Send7bitAddress
                0x0000000000000000       0xac ls1c102_i2c.o
 .text.I2C_ReadRegister
                0x0000000000000000       0x50 ls1c102_i2c.o
 .text.I2C_ClearFlag
                0x0000000000000000       0x48 ls1c102_i2c.o
 .text.I2C_GetStatus
                0x0000000000000000       0x5c ls1c102_i2c.o
 .text.I2C_ClearIT
                0x0000000000000000       0x50 ls1c102_i2c.o
 .text.I2C_wait
                0x0000000000000000       0x48 ls1c102_i2c.o
 .text.I2C_BUSY
                0x0000000000000000       0x48 ls1c102_i2c.o
 .text.I2C_Unlock
                0x0000000000000000       0x54 ls1c102_i2c.o
 .text.CAT24_Write
                0x0000000000000000      0x15c ls1c102_i2c.o
 .text.CAT24_Read
                0x0000000000000000      0x160 ls1c102_i2c.o
 .text.CAT24_Write_Int
                0x0000000000000000      0x140 ls1c102_i2c.o
 .text.CAT24_Read_Int
                0x0000000000000000      0x16c ls1c102_i2c.o
 .comment       0x0000000000000000       0x12 ls1c102_i2c.o
 .eh_frame      0x0000000000000000      0x338 ls1c102_i2c.o
 COMMON         0x0000000000000000        0x1 ls1c102_i2c.o
 .text          0x0000000000000000        0x0 ls1c102_vpwm.o
 .data          0x0000000000000000        0x0 ls1c102_vpwm.o
 .bss           0x0000000000000000        0x0 ls1c102_vpwm.o
 .comment       0x0000000000000000       0x12 ls1c102_vpwm.o
 .text          0x0000000000000000        0x0 ls1c102_adc.o
 .data          0x0000000000000000        0x0 ls1c102_adc.o
 .bss           0x0000000000000000        0x0 ls1c102_adc.o
 .text.Adc_powerOn
                0x0000000000000000       0x54 ls1c102_adc.o
 .text.Adc_powerOff
                0x0000000000000000       0x50 ls1c102_adc.o
 .text.Adc_open
                0x0000000000000000       0xb0 ls1c102_adc.o
 .text.Adc_close
                0x0000000000000000       0xe4 ls1c102_adc.o
 .text.Adc_openGroup
                0x0000000000000000       0xa0 ls1c102_adc.o
 .text.Adc_closeGroup
                0x0000000000000000       0xd4 ls1c102_adc.o
 .text.Adc_singleMeasure
                0x0000000000000000       0x90 ls1c102_adc.o
 .text.Adc_Measure
                0x0000000000000000       0xdc ls1c102_adc.o
 .text.Adc_getVoltage
                0x0000000000000000       0x68 ls1c102_adc.o
 .comment       0x0000000000000000       0x12 ls1c102_adc.o
 .eh_frame      0x0000000000000000      0x170 ls1c102_adc.o
 .text          0x0000000000000000        0x0 ls1c102_touch.o
 .data          0x0000000000000000        0x0 ls1c102_touch.o
 .bss           0x0000000000000000        0x0 ls1c102_touch.o
 .text.Touch_CountBaseInit
                0x0000000000000000       0x90 ls1c102_touch.o
 .text.Touch_PerformInit
                0x0000000000000000       0x88 ls1c102_touch.o
 .text.Touch_ControlConfig
                0x0000000000000000       0xc8 ls1c102_touch.o
 .text.TOUCH_Cmd
                0x0000000000000000       0x68 ls1c102_touch.o
 .text.TOUCH_EnablePollScan
                0x0000000000000000       0x30 ls1c102_touch.o
 .text.TOUCH_disablePollScan
                0x0000000000000000       0x34 ls1c102_touch.o
 .text.TOUCH_EnableSingleScan
                0x0000000000000000       0x30 ls1c102_touch.o
 .text.TOUCH_GetDownTh
                0x0000000000000000       0x48 ls1c102_touch.o
 .text.TOUCH_SetDownTh
                0x0000000000000000       0x7c ls1c102_touch.o
 .text.TOUCH_SetBaseVal
                0x0000000000000000       0x7c ls1c102_touch.o
 .text.TOUCH_SetChnAttr
                0x0000000000000000       0x7c ls1c102_touch.o
 .text.TOUCH_SetAllChnAttr
                0x0000000000000000       0x64 ls1c102_touch.o
 .text.TOUCH_SetAllChnAttr2
                0x0000000000000000       0x90 ls1c102_touch.o
 .text.TOUCH_Init
                0x0000000000000000       0xfc ls1c102_touch.o
 .eh_frame      0x0000000000000000      0x2bc ls1c102_touch.o
 .text          0x0000000000000000        0x0 ls1c102_ptimer.o
 .data          0x0000000000000000        0x0 ls1c102_ptimer.o
 .bss           0x0000000000000000        0x0 ls1c102_ptimer.o
 .text.TIM_Cmd  0x0000000000000000       0x54 ls1c102_ptimer.o
 .text.TIM_ITConfig
                0x0000000000000000       0x90 ls1c102_ptimer.o
 .text.TIM_GetCounter
                0x0000000000000000       0x34 ls1c102_ptimer.o
 .text.TIM_SetCounter
                0x0000000000000000       0x30 ls1c102_ptimer.o
 .text.TIM_SetCompare
                0x0000000000000000       0x30 ls1c102_ptimer.o
 .text.TIM_GetCompare
                0x0000000000000000       0x34 ls1c102_ptimer.o
 .eh_frame      0x0000000000000000      0x18c ls1c102_ptimer.o
 .text          0x0000000000000000        0x0 1c102_cmdline.o
 .data          0x0000000000000000        0x0 1c102_cmdline.o
 .bss           0x0000000000000000        0x0 1c102_cmdline.o
 .rodata        0x0000000000000000      0x3a8 1c102_cmdline.o
 .data.cmd      0x0000000000000000      0x1f0 1c102_cmdline.o
 .text.do_exit  0x0000000000000000       0x28 1c102_cmdline.o
 .text.do_help  0x0000000000000000      0x208 1c102_cmdline.o
 .text.cmdline  0x0000000000000000      0xdbc 1c102_cmdline.o
 .comment       0x0000000000000000       0x12 1c102_cmdline.o
 .eh_frame      0x0000000000000000       0x84 1c102_cmdline.o
 COMMON         0x0000000000000000        0x4 1c102_cmdline.o
 .text          0x0000000000000000        0x0 1c102_cmd.o
 .data          0x0000000000000000        0x0 1c102_cmd.o
 .bss           0x0000000000000000        0x0 1c102_cmd.o
 .text.do_nothing
                0x0000000000000000       0x20 1c102_cmd.o
 .rodata        0x0000000000000000      0x875 1c102_cmd.o
 .text.do_d1    0x0000000000000000      0x114 1c102_cmd.o
 .text.do_d4    0x0000000000000000      0x120 1c102_cmd.o
 .text.do_m1    0x0000000000000000       0x90 1c102_cmd.o
 .text.do_m4    0x0000000000000000       0x8c 1c102_cmd.o
 .text.str2num  0x0000000000000000      0x214 1c102_cmd.o
 .text.v_play   0x0000000000000000       0x68 1c102_cmd.o
 .text.touch_reg_show
                0x0000000000000000      0x100 1c102_cmd.o
 .text.touch_value_show
                0x0000000000000000       0xd4 1c102_cmd.o
 .text.touch_test
                0x0000000000000000      0x274 1c102_cmd.o
 .text.hpet     0x0000000000000000       0xcc 1c102_cmd.o
 .text.latimer  0x0000000000000000       0x94 1c102_cmd.o
 .text.delay    0x0000000000000000      0x104 1c102_cmd.o
 .text.wakeup   0x0000000000000000       0x90 1c102_cmd.o
 .text.a_to_n   0x0000000000000000       0x60 1c102_cmd.o
 .text.date     0x0000000000000000      0x48c 1c102_cmd.o
 .text.watch_dog
                0x0000000000000000       0x84 1c102_cmd.o
 .text.i2cp     0x0000000000000000       0x4c 1c102_cmd.o
 .text.i2cw     0x0000000000000000      0x10c 1c102_cmd.o
 .text.i2cr     0x0000000000000000       0xe0 1c102_cmd.o
 .text.adc      0x0000000000000000      0x1a4 1c102_cmd.o
 .text.readadc  0x0000000000000000       0xf4 1c102_cmd.o
 .text.batdet   0x0000000000000000      0x170 1c102_cmd.o
 .text.copy     0x0000000000000000      0x190 1c102_cmd.o
 .text.uart_init
                0x0000000000000000       0xac 1c102_cmd.o
 .text.sleep    0x0000000000000000       0xa4 1c102_cmd.o
 .text.spi_init
                0x0000000000000000       0x68 1c102_cmd.o
 .text.spi_write
                0x0000000000000000      0x134 1c102_cmd.o
 .text.spi_read
                0x0000000000000000      0x174 1c102_cmd.o
 .text.spi_erase
                0x0000000000000000       0x90 1c102_cmd.o
 .text.spi_flash
                0x0000000000000000      0x258 1c102_cmd.o
 .text.gpio_int_test
                0x0000000000000000       0x9c 1c102_cmd.o
 .text.gpio_int
                0x0000000000000000       0x34 1c102_cmd.o
 .text.tmp      0x0000000000000000       0x50 1c102_cmd.o
 .text.m4_flash
                0x0000000000000000       0xb4 1c102_cmd.o
 .text.copy_iram
                0x0000000000000000      0x138 1c102_cmd.o
 .comment       0x0000000000000000       0x12 1c102_cmd.o
 .eh_frame      0x0000000000000000      0x5a4 1c102_cmd.o
 .text          0x0000000000000000        0x0 1c102_Interrupt.o
 .data          0x0000000000000000        0x0 1c102_Interrupt.o
 .bss           0x0000000000000000        0x0 1c102_Interrupt.o
 .text.SOFT_INT
                0x0000000000000000       0x34 1c102_Interrupt.o
 .text.TIMER_8M_INT
                0x0000000000000000       0x44 1c102_Interrupt.o
 .text.INTC     0x0000000000000000       0x1c 1c102_Interrupt.o
 .text.RING     0x0000000000000000       0x1c 1c102_Interrupt.o
 .bss.gpio_state1
                0x0000000000000000        0x4 1c102_Interrupt.o
 .bss.count_servo
                0x0000000000000000        0x4 1c102_Interrupt.o
 .bss.pwm_cmp1  0x0000000000000000        0x4 1c102_Interrupt.o
 .eh_frame      0x0000000000000000      0x648 1c102_Interrupt.o
 COMMON         0x0000000000000000       0x80 1c102_Interrupt.o
 .text          0x0000000000000000        0x0 iic.o
 .data          0x0000000000000000        0x0 iic.o
 .bss           0x0000000000000000        0x0 iic.o
 .text.IIC_Ack  0x0000000000000000       0x60 iic.o
 .text.IIC_NAck
                0x0000000000000000       0x60 iic.o
 .text.IIC_Read_Byte
                0x0000000000000000       0xb4 iic.o
 .eh_frame      0x0000000000000000      0x1bc iic.o
 .text          0x0000000000000000        0x0 oled.o
 .data          0x0000000000000000        0x0 oled.o
 .bss           0x0000000000000000        0x0 oled.o
 .text.OLED_Display_On
                0x0000000000000000       0x48 oled.o
 .text.OLED_Display_Off
                0x0000000000000000       0x48 oled.o
 .text.OLED_Draw
                0x0000000000000000       0xa8 oled.o
 .text.OLED_DrawBMP
                0x0000000000000000      0x10c oled.o
 .text.OLED_ShowString
                0x0000000000000000      0x12c oled.o
 .rodata        0x0000000000000000        0x6 oled.o
 .text.OLED_ShowInt32Num
                0x0000000000000000      0x130 oled.o
 .eh_frame      0x0000000000000000      0x260 oled.o
 .text          0x0000000000000000        0x0 queue.o
 .data          0x0000000000000000        0x0 queue.o
 .bss           0x0000000000000000        0x0 queue.o
 .text.Queue_isFull
                0x0000000000000000       0x64 queue.o
 .eh_frame      0x0000000000000000      0x114 queue.o
 .text          0x0000000000000000        0x0 1c102_main.o
 .data          0x0000000000000000        0x0 1c102_main.o
 .bss           0x0000000000000000        0x0 1c102_main.o
 .bss.received_data
                0x0000000000000000        0x1 1c102_main.o
 .text.LED_Init
                0x0000000000000000       0x54 1c102_main.o
 .text.High_speed
                0x0000000000000000       0x64 1c102_main.o
 .text.Medium_speed
                0x0000000000000000       0x64 1c102_main.o
 .text.Low_speed
                0x0000000000000000       0x64 1c102_main.o
 .text.Suspend  0x0000000000000000       0x3c 1c102_main.o
 .text.KEY_init
                0x0000000000000000       0x54 1c102_main.o
 .eh_frame      0x0000000000000000      0x1f8 1c102_main.o
 .text          0x0000000000000000        0x0 Motor.o
 .data          0x0000000000000000        0x0 Motor.o
 .bss           0x0000000000000000        0x0 Motor.o
 .eh_frame      0x0000000000000000       0x60 Motor.o

Memory Configuration

Name             Origin             Length             Attributes
flash            0x000000001c000000 0x0000000000020000 xr
IRAM             0x0000000080000000 0x0000000000001000 rw
DRAM             0x0000000080001000 0x0000000000001000 rw
*default*        0x0000000000000000 0xffffffffffffffff

Linker script and memory map


.text           0x000000001c000000     0x6014
                0x000000001c000000                . = ALIGN (0x4)
 *(.text .text.*)
 .text._start   0x000000001c000000     0x1128 start.o
                0x000000001c000000                _start
                0x000000001c0000ac                cpu_wait
                0x000000001c000800                m4_flash_4k
 .text          0x000000001c001128       0xbc serial.o
                0x000000001c001128                serial_out
                0x000000001c001144                outputaddr
                0x000000001c0011a4                outputstring
 .text          0x000000001c0011e4      0x148 wakeup.o
                0x000000001c0011e4                cpu_sleep
                0x000000001c00128c                wakeup_reset
 .text.GPIOInit
                0x000000001c00132c       0x98 UserGpio.o
                0x000000001c00132c                GPIOInit
 .text.bsp_init
                0x000000001c0013c4       0xfc init.o
                0x000000001c0013c4                bsp_init
 .text.AFIO_RemapConfig
                0x000000001c0014c0       0xcc ls1x_gpio.o
                0x000000001c0014c0                AFIO_RemapConfig
 .text.GPIO_Init
                0x000000001c00158c       0x68 ls1x_gpio.o
                0x000000001c00158c                GPIO_Init
 .text.gpio_get_pin
                0x000000001c0015f4       0x50 ls1x_gpio.o
                0x000000001c0015f4                gpio_get_pin
 .text.gpio_write_pin
                0x000000001c001644       0x78 ls1x_gpio.o
                0x000000001c001644                gpio_write_pin
 .text.gpio_pin_remap
                0x000000001c0016bc      0x20c ls1x_gpio.o
                0x000000001c0016bc                gpio_pin_remap
 .text.gpio_set_direction
                0x000000001c0018c8      0x128 ls1x_gpio.o
                0x000000001c0018c8                gpio_set_direction
 .text.myputchar
                0x000000001c0019f0       0x3c ls1x_printf.o
                0x000000001c0019f0                myputchar
 .text.printbase
                0x000000001c001a2c      0x160 ls1x_printf.o
                0x000000001c001a2c                printbase
 .text.puts     0x000000001c001b8c       0x70 ls1x_printf.o
                0x000000001c001b8c                puts
 .text.myprintf
                0x000000001c001bfc      0x3a4 ls1x_printf.o
                0x000000001c001bfc                myprintf
 .text.UART_Init
                0x000000001c001fa0      0x2fc ls1x_uart.o
                0x000000001c001fa0                UART_Init
 .text.UART_StructInit
                0x000000001c00229c       0x7c ls1x_uart.o
                0x000000001c00229c                UART_StructInit
 .text.UART_ITConfig
                0x000000001c002318       0x88 ls1x_uart.o
                0x000000001c002318                UART_ITConfig
 .text.UART_SendData
                0x000000001c0023a0       0x4c ls1x_uart.o
                0x000000001c0023a0                UART_SendData
 .text.UART_ReceiveData
                0x000000001c0023ec       0x4c ls1x_uart.o
                0x000000001c0023ec                UART_ReceiveData
 .text.Uart0_init
                0x000000001c002438       0xc4 ls1x_uart.o
                0x000000001c002438                Uart0_init
 .text.Uart1_init
                0x000000001c0024fc       0x84 ls1x_uart.o
                0x000000001c0024fc                Uart1_init
 .text.CLOCK_WaitForHSEStartUp
                0x000000001c002580       0x9c ls1x_clock.o
                0x000000001c002580                CLOCK_WaitForHSEStartUp
 .text.CLOCK_WaitForLSEStartUp
                0x000000001c00261c       0xe4 ls1x_clock.o
                0x000000001c00261c                CLOCK_WaitForLSEStartUp
 .text.CLOCK_HSEConfig
                0x000000001c002700       0xb4 ls1x_clock.o
                0x000000001c002700                CLOCK_HSEConfig
 .text.CLOCK_LSEConfig
                0x000000001c0027b4       0x68 ls1x_clock.o
                0x000000001c0027b4                CLOCK_LSEConfig
 .text.CLOCK_StructInit
                0x000000001c00281c       0x64 ls1x_clock.o
                0x000000001c00281c                CLOCK_StructInit
 .text.CLOCK_Init
                0x000000001c002880      0x23c ls1x_clock.o
                0x000000001c002880                CLOCK_Init
 .text.SystemClockInit
                0x000000001c002abc       0x98 ls1x_clock.o
                0x000000001c002abc                SystemClockInit
 .text.DisableInt
                0x000000001c002b54       0x24 ls1x_common.o
                0x000000001c002b54                DisableInt
 .text.EnableInt
                0x000000001c002b78       0x24 ls1x_common.o
                0x000000001c002b78                EnableInt
 .text.Set_Timer_stop
                0x000000001c002b9c       0x20 ls1x_common.o
                0x000000001c002b9c                Set_Timer_stop
 .text.Set_Timer_clear
                0x000000001c002bbc       0x24 ls1x_common.o
                0x000000001c002bbc                Set_Timer_clear
 .text.Wake_Set
                0x000000001c002be0       0xac ls1x_common.o
                0x000000001c002be0                Wake_Set
 .text.PMU_GetRstRrc
                0x000000001c002c8c       0x6c ls1x_pmu.o
                0x000000001c002c8c                PMU_GetRstRrc
 .text.PMU_GetBootSpiStatus
                0x000000001c002cf8       0x50 ls1x_pmu.o
                0x000000001c002cf8                PMU_GetBootSpiStatus
 .text.ls1x_logo
                0x000000001c002d48       0x9c ls1x_logo.o
                0x000000001c002d48                ls1x_logo
 .text.get_count
                0x000000001c002de4       0x2c ls1x_latimer.o
                0x000000001c002de4                get_count
 .text.open_count
                0x000000001c002e10       0x24 ls1x_latimer.o
                0x000000001c002e10                open_count
 .text.start_count
                0x000000001c002e34       0x48 ls1x_latimer.o
                0x000000001c002e34                start_count
 .text.stop_count
                0x000000001c002e7c       0x88 ls1x_latimer.o
                0x000000001c002e7c                stop_count
 .text.delay_cycle
                0x000000001c002f04       0x60 ls1x_latimer.o
                0x000000001c002f04                delay_cycle
 .text.delay_ms
                0x000000001c002f64       0x40 ls1x_latimer.o
                0x000000001c002f64                delay_ms
 .text.memset   0x000000001c002fa4       0x60 ls1x_string.o
                0x000000001c002fa4                memset
 .text.strncmp  0x000000001c003004       0xa0 ls1x_string.o
                0x000000001c003004                strncmp
 .text.EXTI_ClearITPendingBit
                0x000000001c0030a4       0x3c ls1x_exti.o
                0x000000001c0030a4                EXTI_ClearITPendingBit
 .text.WDG_getOddValue
                0x000000001c0030e0       0x88 ls1x_wdg.o
 .text.WDG_SetWatchDog
                0x000000001c003168       0x8c ls1x_wdg.o
                0x000000001c003168                WDG_SetWatchDog
 .text.WDG_DogFeed
                0x000000001c0031f4       0x2c ls1x_wdg.o
                0x000000001c0031f4                WDG_DogFeed
 .text.WdgInit  0x000000001c003220       0x30 ls1x_wdg.o
                0x000000001c003220                WdgInit
 .text.TOUCH_GetBaseVal
                0x000000001c003250       0x4c ls1c102_touch.o
                0x000000001c003250                TOUCH_GetBaseVal
 .text.TOUCH_GetCountValue
                0x000000001c00329c       0x4c ls1c102_touch.o
                0x000000001c00329c                TOUCH_GetCountValue
 .text.Printf_KeyChannel
                0x000000001c0032e8       0x7c ls1c102_touch.o
                0x000000001c0032e8                Printf_KeyChannel
 .text.Printf_KeyType
                0x000000001c003364       0x8c ls1c102_touch.o
                0x000000001c003364                Printf_KeyType
 .text.Printf_KeyVal
                0x000000001c0033f0      0x254 ls1c102_touch.o
                0x000000001c0033f0                Printf_KeyVal
 .text.TIM_Init
                0x000000001c003644       0xd8 ls1c102_ptimer.o
                0x000000001c003644                TIM_Init
 .text.TIM_StructInit
                0x000000001c00371c       0x7c ls1c102_ptimer.o
                0x000000001c00371c                TIM_StructInit
 .text.timer_init
                0x000000001c003798       0x54 ls1c102_ptimer.o
                0x000000001c003798                timer_init
 .text.TIM_GetITStatus
                0x000000001c0037ec       0x4c ls1c102_ptimer.o
                0x000000001c0037ec                TIM_GetITStatus
 .text.TIM_ClearIT
                0x000000001c003838       0x5c ls1c102_ptimer.o
                0x000000001c003838                TIM_ClearIT
 .text.exti_gpioa0_irq_handler
                0x000000001c003894       0x4c 1c102_Interrupt.o
                0x000000001c003894                exti_gpioa0_irq_handler
 .text.exti_gpioa1_irq_handler
                0x000000001c0038e0       0x4c 1c102_Interrupt.o
                0x000000001c0038e0                exti_gpioa1_irq_handler
 .text.exti_gpioa2_irq_handler
                0x000000001c00392c       0x4c 1c102_Interrupt.o
                0x000000001c00392c                exti_gpioa2_irq_handler
 .text.exti_gpioa3_irq_handler
                0x000000001c003978       0x4c 1c102_Interrupt.o
                0x000000001c003978                exti_gpioa3_irq_handler
 .text.exti_gpioa4_irq_handler
                0x000000001c0039c4       0x4c 1c102_Interrupt.o
                0x000000001c0039c4                exti_gpioa4_irq_handler
 .text.exti_gpioa5_irq_handler
                0x000000001c003a10       0x4c 1c102_Interrupt.o
                0x000000001c003a10                exti_gpioa5_irq_handler
 .text.exti_gpioa6_irq_handler
                0x000000001c003a5c       0x4c 1c102_Interrupt.o
                0x000000001c003a5c                exti_gpioa6_irq_handler
 .text.exti_gpioa7_irq_handler
                0x000000001c003aa8       0x4c 1c102_Interrupt.o
                0x000000001c003aa8                exti_gpioa7_irq_handler
 .text.exti_gpiob0_irq_handler
                0x000000001c003af4       0x4c 1c102_Interrupt.o
                0x000000001c003af4                exti_gpiob0_irq_handler
 .text.exti_gpiob1_irq_handler
                0x000000001c003b40       0x4c 1c102_Interrupt.o
                0x000000001c003b40                exti_gpiob1_irq_handler
 .text.exti_gpiob2_irq_handler
                0x000000001c003b8c       0x4c 1c102_Interrupt.o
                0x000000001c003b8c                exti_gpiob2_irq_handler
 .text.exti_gpiob3_irq_handler
                0x000000001c003bd8       0x4c 1c102_Interrupt.o
                0x000000001c003bd8                exti_gpiob3_irq_handler
 .text.exti_gpiob4_irq_handler
                0x000000001c003c24       0x4c 1c102_Interrupt.o
                0x000000001c003c24                exti_gpiob4_irq_handler
 .text.exti_gpiob5_irq_handler
                0x000000001c003c70       0x4c 1c102_Interrupt.o
                0x000000001c003c70                exti_gpiob5_irq_handler
 .text.exti_gpiob6_irq_handler
                0x000000001c003cbc       0x4c 1c102_Interrupt.o
                0x000000001c003cbc                exti_gpiob6_irq_handler
 .text.exti_gpiob7_irq_handler
                0x000000001c003d08       0x4c 1c102_Interrupt.o
                0x000000001c003d08                exti_gpiob7_irq_handler
 .text.exti_gpioc0_irq_handler
                0x000000001c003d54       0x4c 1c102_Interrupt.o
                0x000000001c003d54                exti_gpioc0_irq_handler
 .text.exti_gpioc1_irq_handler
                0x000000001c003da0       0x4c 1c102_Interrupt.o
                0x000000001c003da0                exti_gpioc1_irq_handler
 .text.exti_gpioc2_irq_handler
                0x000000001c003dec       0x4c 1c102_Interrupt.o
                0x000000001c003dec                exti_gpioc2_irq_handler
 .text.exti_gpioc3_irq_handler
                0x000000001c003e38       0x4c 1c102_Interrupt.o
                0x000000001c003e38                exti_gpioc3_irq_handler
 .text.exti_gpioc4_irq_handler
                0x000000001c003e84       0x4c 1c102_Interrupt.o
                0x000000001c003e84                exti_gpioc4_irq_handler
 .text.exti_gpioc5_irq_handler
                0x000000001c003ed0       0x4c 1c102_Interrupt.o
                0x000000001c003ed0                exti_gpioc5_irq_handler
 .text.exti_gpioc6_irq_handler
                0x000000001c003f1c       0x4c 1c102_Interrupt.o
                0x000000001c003f1c                exti_gpioc6_irq_handler
 .text.exti_gpioc7_irq_handler
                0x000000001c003f68       0x4c 1c102_Interrupt.o
                0x000000001c003f68                exti_gpioc7_irq_handler
 .text.exti_gpiod0_irq_handler
                0x000000001c003fb4       0x4c 1c102_Interrupt.o
                0x000000001c003fb4                exti_gpiod0_irq_handler
 .text.exti_gpiod1_irq_handler
                0x000000001c004000       0x4c 1c102_Interrupt.o
                0x000000001c004000                exti_gpiod1_irq_handler
 .text.exti_gpiod2_irq_handler
                0x000000001c00404c       0x4c 1c102_Interrupt.o
                0x000000001c00404c                exti_gpiod2_irq_handler
 .text.exti_gpiod3_irq_handler
                0x000000001c004098       0x4c 1c102_Interrupt.o
                0x000000001c004098                exti_gpiod3_irq_handler
 .text.exti_gpiod4_irq_handler
                0x000000001c0040e4       0x4c 1c102_Interrupt.o
                0x000000001c0040e4                exti_gpiod4_irq_handler
 .text.exti_gpiod5_irq_handler
                0x000000001c004130       0x4c 1c102_Interrupt.o
                0x000000001c004130                exti_gpiod5_irq_handler
 .text.exti_gpiod6_irq_handler
                0x000000001c00417c       0x4c 1c102_Interrupt.o
                0x000000001c00417c                exti_gpiod6_irq_handler
 .text.exti_gpiod7_irq_handler
                0x000000001c0041c8       0x4c 1c102_Interrupt.o
                0x000000001c0041c8                exti_gpiod7_irq_handler
 .text.ext_handler
                0x000000001c004214       0xb8 1c102_Interrupt.o
                0x000000001c004214                ext_handler
 .text.TIMER_WAKE_INT
                0x000000001c0042cc       0x50 1c102_Interrupt.o
                0x000000001c0042cc                TIMER_WAKE_INT
 .text.TOUCH    0x000000001c00431c       0x94 1c102_Interrupt.o
                0x000000001c00431c                TOUCH
 .text.UART2_INT
                0x000000001c0043b0       0x3c 1c102_Interrupt.o
                0x000000001c0043b0                UART2_INT
 .text.BAT_FAIL
                0x000000001c0043ec       0xd8 1c102_Interrupt.o
                0x000000001c0043ec                BAT_FAIL
 .text.TIM_SetCompare1
                0x000000001c0044c4       0x78 1c102_Interrupt.o
                0x000000001c0044c4                TIM_SetCompare1
 .text.intc_handler
                0x000000001c00453c      0x1e4 1c102_Interrupt.o
                0x000000001c00453c                intc_handler
 .text.TIMER_HANDLER
                0x000000001c004720       0x38 1c102_Interrupt.o
                0x000000001c004720                TIMER_HANDLER
 .text.IIC_Delay
                0x000000001c004758       0x3c iic.o
                0x000000001c004758                IIC_Delay
 .text.IIC_Init
                0x000000001c004794       0x6c iic.o
                0x000000001c004794                IIC_Init
 .text.SDA_IN   0x000000001c004800       0x30 iic.o
                0x000000001c004800                SDA_IN
 .text.SDA_OUT  0x000000001c004830       0x3c iic.o
                0x000000001c004830                SDA_OUT
 .text.IIC_Start
                0x000000001c00486c       0x60 iic.o
                0x000000001c00486c                IIC_Start
 .text.IIC_Stop
                0x000000001c0048cc       0x60 iic.o
                0x000000001c0048cc                IIC_Stop
 .text.IIC_Wait_Ack
                0x000000001c00492c       0x94 iic.o
                0x000000001c00492c                IIC_Wait_Ack
 .text.IIC_Send_Byte
                0x000000001c0049c0       0xac iic.o
                0x000000001c0049c0                IIC_Send_Byte
 .text.OLED_Hardware_Init
                0x000000001c004a6c       0x28 oled.o
                0x000000001c004a6c                OLED_Hardware_Init
 .text.OLED_WR_Byte
                0x000000001c004a94       0x6c oled.o
                0x000000001c004a94                OLED_WR_Byte
 .text.OLED_Set_Pos
                0x000000001c004b00       0x88 oled.o
                0x000000001c004b00                OLED_Set_Pos
 .text.OLED_Clear
                0x000000001c004b88       0x9c oled.o
                0x000000001c004b88                OLED_Clear
 .text.OLED_Init
                0x000000001c004c24      0x1c4 oled.o
                0x000000001c004c24                OLED_Init
 .text.OLED_ShowChar
                0x000000001c004de8      0x128 oled.o
                0x000000001c004de8                OLED_ShowChar
 .text.OLED_DrawFont16
                0x000000001c004f10      0x19c oled.o
                0x000000001c004f10                OLED_DrawFont16
 .text.OLED_DrawFont32
                0x000000001c0050ac      0x1a8 oled.o
                0x000000001c0050ac                OLED_DrawFont32
 .text.OLED_Show_Str
                0x000000001c005254      0x270 oled.o
                0x000000001c005254                OLED_Show_Str
 .text.Queue_Init
                0x000000001c0054c4       0x4c queue.o
                0x000000001c0054c4                Queue_Init
 .text.Queue_isEmpty
                0x000000001c005510       0x50 queue.o
                0x000000001c005510                Queue_isEmpty
 .text.Queue_HadUse
                0x000000001c005560       0x64 queue.o
                0x000000001c005560                Queue_HadUse
 .text.Queue_NoUse
                0x000000001c0055c4       0x6c queue.o
                0x000000001c0055c4                Queue_NoUse
 .text.Queue_Wirte
                0x000000001c005630       0xdc queue.o
                0x000000001c005630                Queue_Wirte
 .text.Queue_Read
                0x000000001c00570c       0xdc queue.o
                0x000000001c00570c                Queue_Read
 .text.LED_On   0x000000001c0057e8       0x3c 1c102_main.o
                0x000000001c0057e8                LED_On
 .text.LED_Off  0x000000001c005824       0x3c 1c102_main.o
                0x000000001c005824                LED_Off
 .text.Beep_On  0x000000001c005860       0x30 1c102_main.o
                0x000000001c005860                Beep_On
 .text.Beep_Off
                0x000000001c005890       0x30 1c102_main.o
                0x000000001c005890                Beep_Off
 .text.KEY_Check
                0x000000001c0058c0       0xd0 1c102_main.o
                0x000000001c0058c0                KEY_Check
 .text.Danger_waring
                0x000000001c005990      0x150 1c102_main.o
                0x000000001c005990                Danger_waring
 .text.main     0x000000001c005ae0      0x474 1c102_main.o
                0x000000001c005ae0                main
 .text.Motor_Init
                0x000000001c005f54       0x3c Motor.o
                0x000000001c005f54                Motor_Init
 .text.motor_setspeed
                0x000000001c005f90       0x84 Motor.o
                0x000000001c005f90                motor_setspeed
                0x000000001c006014                . = ALIGN (0x4)
                0x000000001c006014                _etext = .

.rodata         0x000000001c006020     0x1bdc
                0x000000001c006020                . = ALIGN (0x4)
 *(.rodata .rodata.*)
 .rodata        0x000000001c006020       0x1a serial.o
                0x000000001c006020                msg_wakeup
 *fill*         0x000000001c00603a        0x2 
 .rodata        0x000000001c00603c       0x38 init.o
 .rodata.myprintf
                0x000000001c006074      0x150 ls1x_printf.o
 .rodata        0x000000001c0061c4      0x387 ls1x_logo.o
 *fill*         0x000000001c00654b        0x1 
 .rodata        0x000000001c00654c       0x8d ls1c102_touch.o
 *fill*         0x000000001c0065d9        0x3 
 .rodata        0x000000001c0065dc       0xd7 1c102_Interrupt.o
 *fill*         0x000000001c0066b3        0x1 
 .rodata.Ext_IrqHandle
                0x000000001c0066b4       0x80 1c102_Interrupt.o
                0x000000001c0066b4                Ext_IrqHandle
 .rodata.BAT_FAIL
                0x000000001c006734       0x44 1c102_Interrupt.o
 .rodata.__FUNCTION__.1653
                0x000000001c006778       0x18 1c102_Interrupt.o
 .rodata.__FUNCTION__.1657
                0x000000001c006790       0x18 1c102_Interrupt.o
 .rodata.__FUNCTION__.1661
                0x000000001c0067a8       0x18 1c102_Interrupt.o
 .rodata.__FUNCTION__.1665
                0x000000001c0067c0       0x18 1c102_Interrupt.o
 .rodata.__FUNCTION__.1669
                0x000000001c0067d8       0x18 1c102_Interrupt.o
 .rodata.__FUNCTION__.1673
                0x000000001c0067f0       0x18 1c102_Interrupt.o
 .rodata.__FUNCTION__.1677
                0x000000001c006808       0x18 1c102_Interrupt.o
 .rodata.__FUNCTION__.1681
                0x000000001c006820       0x18 1c102_Interrupt.o
 .rodata.__FUNCTION__.1685
                0x000000001c006838       0x18 1c102_Interrupt.o
 .rodata.__FUNCTION__.1689
                0x000000001c006850       0x18 1c102_Interrupt.o
 .rodata.__FUNCTION__.1693
                0x000000001c006868       0x18 1c102_Interrupt.o
 .rodata.__FUNCTION__.1697
                0x000000001c006880       0x18 1c102_Interrupt.o
 .rodata.__FUNCTION__.1701
                0x000000001c006898       0x18 1c102_Interrupt.o
 .rodata.__FUNCTION__.1705
                0x000000001c0068b0       0x18 1c102_Interrupt.o
 .rodata.__FUNCTION__.1709
                0x000000001c0068c8       0x18 1c102_Interrupt.o
 .rodata.__FUNCTION__.1713
                0x000000001c0068e0       0x18 1c102_Interrupt.o
 .rodata.__FUNCTION__.1717
                0x000000001c0068f8       0x18 1c102_Interrupt.o
 .rodata.__FUNCTION__.1721
                0x000000001c006910       0x18 1c102_Interrupt.o
 .rodata.__FUNCTION__.1725
                0x000000001c006928       0x18 1c102_Interrupt.o
 .rodata.__FUNCTION__.1729
                0x000000001c006940       0x18 1c102_Interrupt.o
 .rodata.__FUNCTION__.1733
                0x000000001c006958       0x18 1c102_Interrupt.o
 .rodata.__FUNCTION__.1737
                0x000000001c006970       0x18 1c102_Interrupt.o
 .rodata.__FUNCTION__.1741
                0x000000001c006988       0x18 1c102_Interrupt.o
 .rodata.__FUNCTION__.1745
                0x000000001c0069a0       0x18 1c102_Interrupt.o
 .rodata.__FUNCTION__.1749
                0x000000001c0069b8       0x18 1c102_Interrupt.o
 .rodata.__FUNCTION__.1753
                0x000000001c0069d0       0x18 1c102_Interrupt.o
 .rodata.__FUNCTION__.1757
                0x000000001c0069e8       0x18 1c102_Interrupt.o
 .rodata.__FUNCTION__.1761
                0x000000001c006a00       0x18 1c102_Interrupt.o
 .rodata.__FUNCTION__.1765
                0x000000001c006a18       0x18 1c102_Interrupt.o
 .rodata.__FUNCTION__.1769
                0x000000001c006a30       0x18 1c102_Interrupt.o
 .rodata.__FUNCTION__.1773
                0x000000001c006a48       0x18 1c102_Interrupt.o
 .rodata.__FUNCTION__.1777
                0x000000001c006a60       0x18 1c102_Interrupt.o
 .rodata.asc2_1608
                0x000000001c006a78      0x5f0 oled.o
                0x000000001c006a78                asc2_1608
 .rodata.tfont16
                0x000000001c007068      0x118 oled.o
                0x000000001c007068                tfont16
 .rodata.tfont32
                0x000000001c007180      0xa3c oled.o
                0x000000001c007180                tfont32
 .rodata        0x000000001c007bbc       0x3e 1c102_main.o
                0x000000001c007bfc                . = ALIGN (0x4)
 *fill*         0x000000001c007bfa        0x2 
                0x000000001c007bfc                _sidata = ALIGN (., 0x4)
                0x000000001c007bfc                . = ALIGN (0x4)

.rela.dyn       0x000000001c007bfc        0x0
 .rela.got      0x000000001c007bfc        0x0 start.o
 .rela.rodata.myprintf
                0x000000001c007bfc        0x0 start.o
 .rela.rodata.Ext_IrqHandle
                0x000000001c007bfc        0x0 start.o
 .rela.rodata.BAT_FAIL
                0x000000001c007bfc        0x0 start.o

.data           0x0000000080001000       0x28 load address 0x000000001c007bfc
                0x0000000080001000                _sdata = .
                0x0000000080001000                . = ALIGN (0x4)
 *(.got.plt)
 .got.plt       0x0000000080001000        0x0 start.o
                0x0000000080001000                . = ALIGN (0x4)
 *(.got)
 .got           0x0000000080001000       0x1c start.o
                0x0000000080001000                _GLOBAL_OFFSET_TABLE_
                0x000000008000101c                . = ALIGN (0x4)
 *(.data .data.*)
 .data.g_SystemFreq
                0x000000008000101c        0x4 ls1x_clock.o
                0x000000008000101c                g_SystemFreq
 .data.pwm_cmp0
                0x0000000080001020        0x4 1c102_Interrupt.o
                0x0000000080001020                pwm_cmp0
 .data.value    0x0000000080001024        0x4 1c102_main.o
                0x0000000080001024                value
                0x0000000080001028                . = ALIGN (0x4)
                0x0000000080001028                _edata = .

.bss            0x0000000080000000      0x2a0
                0x0000000080000000                _sbss = .
                0x0000000080000000                . = ALIGN (0x4)
 *(.sbss)
                0x0000000080000000                . = ALIGN (0x4)
 *(.bss .bss.*)
 .bss.gpio_state0
                0x0000000080000000        0x4 1c102_Interrupt.o
                0x0000000080000000                gpio_state0
 .bss.count_motor
                0x0000000080000004        0x4 1c102_Interrupt.o
                0x0000000080000004                count_motor
 .bss.receive_Data.1838
                0x0000000080000008        0x1 1c102_Interrupt.o
 .bss.key_value
                0x0000000080000009        0x1 1c102_main.o
                0x0000000080000009                key_value
 .bss.last_key.1896
                0x000000008000000a        0x1 1c102_main.o
                0x000000008000000c                . = ALIGN (0x4)
 *fill*         0x000000008000000b        0x1 
 *(.scommon)
                0x000000008000000c                . = ALIGN (0x4)
 *(COMMON)
 COMMON         0x000000008000000c      0x130 queue.o
                0x000000008000000c                Circular_queue
 COMMON         0x000000008000013c      0x164 1c102_main.o
                0x000000008000013c                Read_length
                0x0000000080000140                str
                0x0000000080000174                Read_Buffer
                0x00000000800002a0                . = ALIGN (0x4)
                0x00000000800002a0                _ebss = .
LOAD start.o
LOAD serial.o
LOAD wakeup.o
LOAD UserGpio.o
LOAD init.o
LOAD ls1x_gpio.o
LOAD ls1x_spi.o
LOAD ls1x_printf.o
LOAD ls1x_uart.o
LOAD ls1x_clock.o
LOAD ls1x_common.o
LOAD ls1x_pmu.o
LOAD ls1x_logo.o
LOAD ls1x_latimer.o
LOAD ls1x_string.o
LOAD ls1x_flash.o
LOAD ls1x_rtc.o
LOAD ls1x_exti.o
LOAD ls1x_wdg.o
LOAD ls1c102_i2c.o
LOAD ls1c102_vpwm.o
LOAD ls1c102_adc.o
LOAD ls1c102_touch.o
LOAD ls1c102_ptimer.o
LOAD 1c102_cmdline.o
LOAD 1c102_cmd.o
LOAD 1c102_Interrupt.o
LOAD iic.o
LOAD oled.o
LOAD queue.o
LOAD 1c102_main.o
LOAD Motor.o
OUTPUT(1c102_demo.elf elf32-loongarch)

.comment        0x0000000000000000       0x11
 .comment       0x0000000000000000       0x11 UserGpio.o
                                         0x12 (size before relaxing)
 .comment       0x0000000000000011       0x12 init.o
 .comment       0x0000000000000011       0x12 ls1x_gpio.o
 .comment       0x0000000000000011       0x12 ls1x_printf.o
 .comment       0x0000000000000011       0x12 ls1x_uart.o
 .comment       0x0000000000000011       0x12 ls1x_clock.o
 .comment       0x0000000000000011       0x12 ls1x_common.o
 .comment       0x0000000000000011       0x12 ls1x_pmu.o
 .comment       0x0000000000000011       0x12 ls1x_logo.o
 .comment       0x0000000000000011       0x12 ls1x_latimer.o
 .comment       0x0000000000000011       0x12 ls1x_string.o
 .comment       0x0000000000000011       0x12 ls1x_exti.o
 .comment       0x0000000000000011       0x12 ls1x_wdg.o
 .comment       0x0000000000000011       0x12 ls1c102_touch.o
 .comment       0x0000000000000011       0x12 ls1c102_ptimer.o
 .comment       0x0000000000000011       0x12 1c102_Interrupt.o
 .comment       0x0000000000000011       0x12 iic.o
 .comment       0x0000000000000011       0x12 oled.o
 .comment       0x0000000000000011       0x12 queue.o
 .comment       0x0000000000000011       0x12 1c102_main.o
 .comment       0x0000000000000011       0x12 Motor.o
